[2025-10-10 08:15:42] INFO: System startup complete.
[2025-10-10 08:15:43] INFO: Network interface eth0 initialised successfully.
[2025-10-10 08:16:01] WARNING: High memory usage detected (78%).
[2025-10-10 08:16:10] ERROR: Failed to connect to database server.
[2025-10-10 08:16:45] INFO: Retrying connection attempt...
[2025-10-10 08:17:12] ERROR: Database authentication failed for user 'admin'.
[2025-10-10 08:17:45] INFO: User 'Monica' logged in successfully.
[2025-10-10 08:18:01] INFO: Scheduled backup started.
[2025-10-10 08:18:12] ERROR: Backup process terminated unexpectedly.
[2025-10-10 08:19:00] INFO: Backup process restarted.
[2025-10-10 08:20:14] INFO: Backup completed successfully.
[2025-10-10 08:22:01] INFO: Disk check started.
[2025-10-10 08:23:09] WARNING: Disk usage at 91%.
[2025-10-10 08:23:44] ERROR: Disk write failure on volume /dev/sda1.
[2025-10-10 08:24:10] INFO: Disk check completed.
[2025-10-10 08:25:01] INFO: System health nominal.
[2025-10-10 08:26:22] ERROR: Unhandled exception in module 'authenticator'.
[2025-10-10 08:27:05] INFO: Exception logged for review.
[2025-10-10 08:28:42] INFO: Network status stable.
[2025-10-10 08:29:30] ERROR: Configuration file missing key 'API_TOKEN'.
[2025-10-10 08:30:00] INFO: Configuration reload complete.